// Jest Snapshot v1, https://goo.gl/fbAQLP

exports[`Form component renders Form 1`] = `
<form
  className="Form"
  onSubmit={[Function]}
>
  <input
    name="url"
    onChange={[Function]}
    placeholder="URL"
    type="text"
    value="jkl"
  />
  <div
    className="radioButtons"
  >
    <input
      checked={false}
      id="get"
      name="method"
      onChange={[Function]}
      type="radio"
      value="get"
    />
    <label
      htmlFor="get"
    >
      GET
    </label>
    <input
      checked={false}
      id="post"
      name="method"
      onChange={[Function]}
      type="radio"
      value="post"
    />
    <label
      htmlFor="post"
    >
      POST
    </label>
    <input
      checked={false}
      id="put"
      name="method"
      onChange={[Function]}
      type="radio"
      value="put"
    />
    <label
      htmlFor="put"
    >
      PUT
    </label>
    <input
      checked={false}
      id="patch"
      name="method"
      onChange={[Function]}
      type="radio"
      value="patch"
    />
    <label
      htmlFor="patch"
    >
      PATCH
    </label>
    <input
      checked={false}
      id="delete"
      name="method"
      onChange={[Function]}
      type="radio"
      value="delete"
    />
    <label
      htmlFor="delete"
    >
      DELETE
    </label>
    <button>
      Go!
    </button>
  </div>
  <textarea
    name="body"
    onChange={[Function]}
    placeholder="Raw JSON Body"
    value="uio"
  />
</form>
`;
